Flow report for problema2Esp
Thu Nov 22 15:46:57 2018
Quartus Prime Version 18.1.0 Build 625 09/12/2018 SJ Lite Edition


---------------------
; Table of Contents ;
---------------------
  1. Legal Notice
  2. Flow Summary
  3. Flow Settings
  4. Flow Non-Default Global Settings
  5. Flow Elapsed Time
  6. Flow OS Summary
  7. Flow Log
  8. Flow Messages
  9. Flow Suppressed Messages



----------------
; Legal Notice ;
----------------
Copyright (C) 2018  Intel Corporation. All rights reserved.
Your use of Intel Corporation's design tools, logic functions 
and other software and tools, and its AMPP partner logic 
functions, and any output files from any of the foregoing 
(including device programming or simulation files), and any 
associated documentation or information are expressly subject 
to the terms and conditions of the Intel Program License 
Subscription Agreement, the Intel Quartus Prime License Agreement,
the Intel FPGA IP License Agreement, or other applicable license
agreement, including, without limitation, that your use is for
the sole purpose of programming logic devices manufactured by
Intel and sold by Intel or its authorized distributors.  Please
refer to the applicable agreement for further details.



+----------------------------------------------------------------------------------+
; Flow Summary                                                                     ;
+------------------------------------+---------------------------------------------+
; Flow Status                        ; Successful - Thu Nov 22 15:46:47 2018       ;
; Quartus Prime Version              ; 18.1.0 Build 625 09/12/2018 SJ Lite Edition ;
; Revision Name                      ; problema2Esp                                ;
; Top-level Entity Name              ; arquiteturaUart                             ;
; Family                             ; Cyclone IV E                                ;
; Device                             ; EP4CE22F17C6                                ;
; Timing Models                      ; Final                                       ;
; Total logic elements               ; 1,806 / 22,320 ( 8 % )                      ;
;     Total combinational functions  ; 1,694 / 22,320 ( 8 % )                      ;
;     Dedicated logic registers      ; 994 / 22,320 ( 4 % )                        ;
; Total registers                    ; 994                                         ;
; Total pins                         ; 3 / 154 ( 2 % )                             ;
; Total virtual pins                 ; 0                                           ;
; Total memory bits                  ; 181,504 / 608,256 ( 30 % )                  ;
; Embedded Multiplier 9-bit elements ; 0 / 132 ( 0 % )                             ;
; Total PLLs                         ; 0 / 4 ( 0 % )                               ;
+------------------------------------+---------------------------------------------+


+-----------------------------------------+
; Flow Settings                           ;
+-------------------+---------------------+
; Option            ; Setting             ;
+-------------------+---------------------+
; Start date & time ; 11/22/2018 15:44:35 ;
; Main task         ; Compilation         ;
; Revision Name     ; problema2Esp        ;
+-------------------+---------------------+


+--------------------------------------------------------------------------------------------------------------------------------------------------------+
; Flow Non-Default Global Settings                                                                                                                       ;
+-------------------------------------+-------------------------------------------------------------------+---------------+-----------------+------------+
; Assignment Name                     ; Value                                                             ; Default Value ; Entity Name     ; Section Id ;
+-------------------------------------+-------------------------------------------------------------------+---------------+-----------------+------------+
; COMPILER_SIGNATURE_ID               ; 167690714083003.154290867414760                                   ; --            ; --              ; --         ;
; MAX_CORE_JUNCTION_TEMP              ; 85                                                                ; --            ; --              ; --         ;
; MIN_CORE_JUNCTION_TEMP              ; 0                                                                 ; --            ; --              ; --         ;
; MISC_FILE                           ; arquiteturaUart/synthesis/../arquiteturaUart.cmp                  ; --            ; --              ; --         ;
; MISC_FILE                           ; arquiteturaUart/synthesis/../../arquiteturaUart.qsys              ; --            ; --              ; --         ;
; NOMINAL_CORE_SUPPLY_VOLTAGE         ; 1.2V                                                              ; --            ; --              ; --         ;
; PARTITION_COLOR                     ; -- (Not supported for targeted family)                            ; --            ; arquiteturaUart ; Top        ;
; PARTITION_FITTER_PRESERVATION_LEVEL ; -- (Not supported for targeted family)                            ; --            ; arquiteturaUart ; Top        ;
; PARTITION_NETLIST_TYPE              ; -- (Not supported for targeted family)                            ; --            ; arquiteturaUart ; Top        ;
; POWER_BOARD_THERMAL_MODEL           ; None (CONSERVATIVE)                                               ; --            ; --              ; --         ;
; POWER_PRESET_COOLING_SOLUTION       ; 23 MM HEAT SINK WITH 200 LFPM AIRFLOW                             ; --            ; --              ; --         ;
; PROJECT_OUTPUT_DIRECTORY            ; output_files                                                      ; --            ; --              ; --         ;
; SLD_FILE                            ; arquiteturaUart/synthesis/arquiteturaUart.regmap                  ; --            ; --              ; --         ;
; SLD_FILE                            ; arquiteturaUart/synthesis/arquiteturaUart.debuginfo               ; --            ; --              ; --         ;
; SLD_INFO                            ; QSYS_NAME arquiteturaUart HAS_SOPCINFO 1 GENERATION_ID 1542127774 ; --            ; arquiteturaUart ; --         ;
; SOPCINFO_FILE                       ; arquiteturaUart/synthesis/../../arquiteturaUart.sopcinfo          ; --            ; --              ; --         ;
; SYNTHESIS_ONLY_QIP                  ; On                                                                ; --            ; --              ; --         ;
; TOP_LEVEL_ENTITY                    ; arquiteturaUart                                                   ; problema2Esp  ; --              ; --         ;
+-------------------------------------+-------------------------------------------------------------------+---------------+-----------------+------------+


+--------------------------------------------------------------------------------------------------------------------------+
; Flow Elapsed Time                                                                                                        ;
+----------------------+--------------+-------------------------+---------------------+------------------------------------+
; Module Name          ; Elapsed Time ; Average Processors Used ; Peak Virtual Memory ; Total CPU Time (on all processors) ;
+----------------------+--------------+-------------------------+---------------------+------------------------------------+
; Analysis & Synthesis ; 00:01:23     ; 1.0                     ; 4910 MB             ; 00:01:43                           ;
; Fitter               ; 00:00:31     ; 1.0                     ; 5335 MB             ; 00:00:23                           ;
; Assembler            ; 00:00:06     ; 1.0                     ; 4706 MB             ; 00:00:04                           ;
; Timing Analyzer      ; 00:00:08     ; 1.0                     ; 4806 MB             ; 00:00:07                           ;
; Total                ; 00:02:08     ; --                      ; --                  ; 00:02:17                           ;
+----------------------+--------------+-------------------------+---------------------+------------------------------------+


+------------------------------------------------------------------------------------+
; Flow OS Summary                                                                    ;
+----------------------+------------------+------------+------------+----------------+
; Module Name          ; Machine Hostname ; OS Name    ; OS Version ; Processor type ;
+----------------------+------------------+------------+------------+----------------+
; Analysis & Synthesis ; LAPTOP-7S5R87VE  ; Windows 10 ; 10.0       ; x86_64         ;
; Fitter               ; LAPTOP-7S5R87VE  ; Windows 10 ; 10.0       ; x86_64         ;
; Assembler            ; LAPTOP-7S5R87VE  ; Windows 10 ; 10.0       ; x86_64         ;
; Timing Analyzer      ; LAPTOP-7S5R87VE  ; Windows 10 ; 10.0       ; x86_64         ;
+----------------------+------------------+------------+------------+----------------+


------------
; Flow Log ;
------------
quartus_map --read_settings_files=on --write_settings_files=off problema2Esp -c problema2Esp
quartus_fit --read_settings_files=off --write_settings_files=off problema2Esp -c problema2Esp
quartus_asm --read_settings_files=off --write_settings_files=off problema2Esp -c problema2Esp
quartus_sta problema2Esp -c problema2Esp



